../Core/Src/main.c:78:5:main	48	static
../Core/Src/main.c:133:6:SystemClock_Config	88	static
../Core/Src/main.c:178:6:PeriphCommonClock_Config	32	static
../Core/Src/main.c:198:13:MX_ADC1_Init	24	static
../Core/Src/main.c:250:13:MX_I2C1_Init	8	static
../Core/Src/main.c:284:13:MX_I2S2_Init	8	static
../Core/Src/main.c:318:13:MX_I2S3_Init	8	static
../Core/Src/main.c:352:13:MX_USART2_UART_Init	8	static
../Core/Src/main.c:385:13:MX_GPIO_Init	56	static
../Core/Src/main.c:492:6:Error_Handler	4	static,ignoring_inline_asm
